Symlinking /home/yorgundemokrat/Desktop/SLAM/Point Cloud to Grid Map Generation/pcd2ogm_ws/devel/./cmake.lock
Symlinking /home/yorgundemokrat/Desktop/SLAM/Point Cloud to Grid Map Generation/pcd2ogm_ws/devel/./setup.zsh
Symlinking /home/yorgundemokrat/Desktop/SLAM/Point Cloud to Grid Map Generation/pcd2ogm_ws/devel/./setup.sh
Symlinking /home/yorgundemokrat/Desktop/SLAM/Point Cloud to Grid Map Generation/pcd2ogm_ws/devel/./_setup_util.py
Symlinking /home/yorgundemokrat/Desktop/SLAM/Point Cloud to Grid Map Generation/pcd2ogm_ws/devel/./local_setup.sh
Symlinking /home/yorgundemokrat/Desktop/SLAM/Point Cloud to Grid Map Generation/pcd2ogm_ws/devel/./local_setup.zsh
Symlinking /home/yorgundemokrat/Desktop/SLAM/Point Cloud to Grid Map Generation/pcd2ogm_ws/devel/./setup.bash
Symlinking /home/yorgundemokrat/Desktop/SLAM/Point Cloud to Grid Map Generation/pcd2ogm_ws/devel/./env.sh
Symlinking /home/yorgundemokrat/Desktop/SLAM/Point Cloud to Grid Map Generation/pcd2ogm_ws/devel/./local_setup.bash
Symlinking /home/yorgundemokrat/Desktop/SLAM/Point Cloud to Grid Map Generation/pcd2ogm_ws/devel/share/catkin_tools_prebuild/cmake/catkin_tools_prebuildConfig-version.cmake
Symlinking /home/yorgundemokrat/Desktop/SLAM/Point Cloud to Grid Map Generation/pcd2ogm_ws/devel/share/catkin_tools_prebuild/cmake/catkin_tools_prebuildConfig.cmake
Symlinking /home/yorgundemokrat/Desktop/SLAM/Point Cloud to Grid Map Generation/pcd2ogm_ws/devel/lib/pkgconfig/catkin_tools_prebuild.pc
Cleaning: (/home/tezcan/Work_Spaces/pcdfile2ocm_ws/devel/.private/catkin_tools_prebuild/local_setup.zsh, /home/tezcan/Work_Spaces/pcdfile2ocm_ws/devel/./local_setup.zsh)
Cleaning: (/home/tezcan/Work_Spaces/pcdfile2ocm_ws/devel/.private/catkin_tools_prebuild/local_setup.bash, /home/tezcan/Work_Spaces/pcdfile2ocm_ws/devel/./local_setup.bash)
Cleaning: (/home/tezcan/Work_Spaces/pcdfile2ocm_ws/devel/.private/catkin_tools_prebuild/cmake.lock, /home/tezcan/Work_Spaces/pcdfile2ocm_ws/devel/./cmake.lock)
Cleaning: (/home/tezcan/Work_Spaces/pcdfile2ocm_ws/devel/.private/catkin_tools_prebuild/_setup_util.py, /home/tezcan/Work_Spaces/pcdfile2ocm_ws/devel/./_setup_util.py)
Cleaning: (/home/tezcan/Work_Spaces/pcdfile2ocm_ws/devel/.private/catkin_tools_prebuild/setup.bash, /home/tezcan/Work_Spaces/pcdfile2ocm_ws/devel/./setup.bash)
Cleaning: (/home/tezcan/Work_Spaces/pcdfile2ocm_ws/devel/.private/catkin_tools_prebuild/setup.sh, /home/tezcan/Work_Spaces/pcdfile2ocm_ws/devel/./setup.sh)
Cleaning: (/home/tezcan/Work_Spaces/pcdfile2ocm_ws/devel/.private/catkin_tools_prebuild/env.sh, /home/tezcan/Work_Spaces/pcdfile2ocm_ws/devel/./env.sh)
Cleaning: (/home/tezcan/Work_Spaces/pcdfile2ocm_ws/devel/.private/catkin_tools_prebuild/setup.zsh, /home/tezcan/Work_Spaces/pcdfile2ocm_ws/devel/./setup.zsh)
Cleaning: (/home/tezcan/Work_Spaces/pcdfile2ocm_ws/devel/.private/catkin_tools_prebuild/local_setup.sh, /home/tezcan/Work_Spaces/pcdfile2ocm_ws/devel/./local_setup.sh)
Cleaning: (/home/tezcan/Work_Spaces/pcdfile2ocm_ws/devel/.private/catkin_tools_prebuild/lib/pkgconfig/catkin_tools_prebuild.pc, /home/tezcan/Work_Spaces/pcdfile2ocm_ws/devel/lib/pkgconfig/catkin_tools_prebuild.pc)
Cleaning: (/home/tezcan/Work_Spaces/pcdfile2ocm_ws/devel/.private/catkin_tools_prebuild/share/catkin_tools_prebuild/cmake/catkin_tools_prebuildConfig.cmake, /home/tezcan/Work_Spaces/pcdfile2ocm_ws/devel/share/catkin_tools_prebuild/cmake/catkin_tools_prebuildConfig.cmake)
Cleaning: (/home/tezcan/Work_Spaces/pcdfile2ocm_ws/devel/.private/catkin_tools_prebuild/share/catkin_tools_prebuild/cmake/catkin_tools_prebuildConfig-version.cmake, /home/tezcan/Work_Spaces/pcdfile2ocm_ws/devel/share/catkin_tools_prebuild/cmake/catkin_tools_prebuildConfig-version.cmake)
Unlinking: /home/tezcan/Work_Spaces/pcdfile2ocm_ws/devel/./local_setup.zsh
Already unlinked: {}
Unlinking: /home/tezcan/Work_Spaces/pcdfile2ocm_ws/devel/./local_setup.bash
Already unlinked: {}
Unlinking: /home/tezcan/Work_Spaces/pcdfile2ocm_ws/devel/./_setup_util.py
Already unlinked: {}
Unlinking: /home/tezcan/Work_Spaces/pcdfile2ocm_ws/devel/./setup.bash
Already unlinked: {}
Unlinking: /home/tezcan/Work_Spaces/pcdfile2ocm_ws/devel/./setup.sh
Already unlinked: {}
Unlinking: /home/tezcan/Work_Spaces/pcdfile2ocm_ws/devel/./env.sh
Already unlinked: {}
Unlinking: /home/tezcan/Work_Spaces/pcdfile2ocm_ws/devel/./setup.zsh
Already unlinked: {}
Unlinking: /home/tezcan/Work_Spaces/pcdfile2ocm_ws/devel/./local_setup.sh
Already unlinked: {}
Unlinking: /home/tezcan/Work_Spaces/pcdfile2ocm_ws/devel/lib/pkgconfig/catkin_tools_prebuild.pc
Already unlinked: {}
Unlinking: /home/tezcan/Work_Spaces/pcdfile2ocm_ws/devel/share/catkin_tools_prebuild/cmake/catkin_tools_prebuildConfig.cmake
Already unlinked: {}
Unlinking: /home/tezcan/Work_Spaces/pcdfile2ocm_ws/devel/share/catkin_tools_prebuild/cmake/catkin_tools_prebuildConfig-version.cmake
Already unlinked: {}
