Not searching for unused variables given on the command line.
[36m--[0m The C compiler identification is GNU 9.4.0
[36m--[0m The CXX compiler identification is GNU 9.4.0
[36m--[0m Check for working C compiler: /usr/bin/cc
[36m--[0m Check for working C compiler: /usr/bin/cc -- works
[36m--[0m Detecting C compiler ABI info
[36m--[0m Detecting C compiler ABI info - done
[36m--[0m Detecting C compile features
[36m--[0m Detecting C compile features - done
[36m--[0m Check for working CXX compiler: /usr/bin/c++
[36m--[0m Check for working CXX compiler: /usr/bin/c++ -- works
[36m--[0m Detecting CXX compiler ABI info
[36m--[0m Detecting CXX compiler ABI info - done
[36m--[0m Detecting CXX compile features
[36m--[0m Detecting CXX compile features - done
[36m--[0m Using CATKIN_DEVEL_PREFIX: /home/tezcan/Work_Spaces/pcdfile2ocm_ws/devel/.private/pcd2ogm
[36m--[0m Using CMAKE_PREFIX_PATH: /home/tezcan/Work_Spaces/pcdfile2ocm_ws/devel;/opt/ros/noetic
[36m--[0m This workspace overlays: /home/tezcan/Work_Spaces/pcdfile2ocm_ws/devel;/opt/ros/noetic
[36m--[0m Found PythonInterp: /home/tezcan/anaconda3/envs/rosbridge-carla/bin/python3 (found suitable version "3.7.15", minimum required is "3")
[36m--[0m Using PYTHON_EXECUTABLE: /home/tezcan/anaconda3/envs/rosbridge-carla/bin/python3
[36m--[0m Using Debian Python package layout
[36m--[0m Found PY_em: /home/tezcan/anaconda3/envs/rosbridge-carla/lib/python3.7/site-packages/em.py
[36m--[0m Using empy: /home/tezcan/anaconda3/envs/rosbridge-carla/lib/python3.7/site-packages/em.py
[36m--[0m Using CATKIN_ENABLE_TESTING: ON
[36m--[0m Call enable_testing()
[36m--[0m Using CATKIN_TEST_RESULTS_DIR: /home/tezcan/Work_Spaces/pcdfile2ocm_ws/build/pcd2ogm/test_results
[36m--[0m Forcing gtest/gmock from source, though one was otherwise available.
[36m--[0m Found gtest sources under '/usr/src/googletest': gtests will be built
[36m--[0m Found gmock sources under '/usr/src/googletest': gmock will be built
[36m--[0m Found PythonInterp: /home/tezcan/anaconda3/envs/rosbridge-carla/bin/python3 (found version "3.7.15")
[36m--[0m Found Threads: TRUE
[36m--[0m Using Python nosetests: /usr/bin/nosetests3
[36m--[0m catkin 0.8.10
[36m--[0m BUILD_SHARED_LIBS is on
[36m--[0m Could NOT find cv2 (missing: cv2_DIR)
[36m--[0m Could not find the required component 'cv2'. The following CMake error indicates that you either need to install the package with the same name or change your environment so that it can be found.
[31m[1mCMake Error[0m at /opt/ros/noetic/share/catkin/cmake/catkinConfig.cmake:83 (find_package):
  Could not find a package configuration file provided by "cv2" with any of
  the following names:

    cv2Config.cmake
    cv2-config.cmake

  Add the installation prefix of "cv2" to CMAKE_PREFIX_PATH or set "cv2_DIR"
  to a directory containing one of the above files.  If "cv2" provides a
  separate development package or SDK, be sure it has been installed.
[36mCall Stack (most recent call first):[0m
  CMakeLists.txt:10 (find_package)


[36m--[0m Configuring incomplete, errors occurred!
See also "/home/tezcan/Work_Spaces/pcdfile2ocm_ws/build/pcd2ogm/CMakeFiles/CMakeOutput.log".
See also "/home/tezcan/Work_Spaces/pcdfile2ocm_ws/build/pcd2ogm/CMakeFiles/CMakeError.log".
