Performing C SOURCE FILE Test CMAKE_HAVE_LIBC_PTHREAD failed with the following output:
Change Dir: /home/tezcan/Work_Spaces/open3d_ws/src/tmp/CMakeFiles/CMakeTmp

Run Build Command(s):/usr/bin/make -f Makefile cmTC_b398e/fast && make[3]: Entering directory '/home/tezcan/Work_Spaces/open3d_ws/src/tmp/CMakeFiles/CMakeTmp'
/usr/bin/make  -f CMakeFiles/cmTC_b398e.dir/build.make CMakeFiles/cmTC_b398e.dir/build
make[4]: Entering directory '/home/tezcan/Work_Spaces/open3d_ws/src/tmp/CMakeFiles/CMakeTmp'
Building C object CMakeFiles/cmTC_b398e.dir/src.c.o
/usr/bin/cc -DCMAKE_HAVE_LIBC_PTHREAD  -fPIE -o CMakeFiles/cmTC_b398e.dir/src.c.o -c /home/tezcan/Work_Spaces/open3d_ws/src/tmp/CMakeFiles/CMakeTmp/src.c
Linking C executable cmTC_b398e
/home/tezcan/anaconda3/envs/open3d/lib/python3.7/site-packages/cmake/data/bin/cmake -E cmake_link_script CMakeFiles/cmTC_b398e.dir/link.txt --verbose=1
/usr/bin/cc CMakeFiles/cmTC_b398e.dir/src.c.o -o cmTC_b398e 
/usr/bin/ld: CMakeFiles/cmTC_b398e.dir/src.c.o: in function `main':
src.c:(.text+0x46): undefined reference to `pthread_create'
/usr/bin/ld: src.c:(.text+0x52): undefined reference to `pthread_detach'
/usr/bin/ld: src.c:(.text+0x5e): undefined reference to `pthread_cancel'
/usr/bin/ld: src.c:(.text+0x6f): undefined reference to `pthread_join'
collect2: error: ld returned 1 exit status
make[4]: *** [CMakeFiles/cmTC_b398e.dir/build.make:99: cmTC_b398e] Error 1
make[4]: Leaving directory '/home/tezcan/Work_Spaces/open3d_ws/src/tmp/CMakeFiles/CMakeTmp'
make[3]: *** [Makefile:127: cmTC_b398e/fast] Error 2
make[3]: Leaving directory '/home/tezcan/Work_Spaces/open3d_ws/src/tmp/CMakeFiles/CMakeTmp'


Source file was:
#include <pthread.h>

static void* test_func(void* data)
{
  return data;
}

int main(void)
{
  pthread_t thread;
  pthread_create(&thread, NULL, test_func, NULL);
  pthread_detach(thread);
  pthread_cancel(thread);
  pthread_join(thread, NULL);
  pthread_atfork(NULL, NULL, NULL);
  pthread_exit(NULL);

  return 0;
}

Looking for a ASM_NASM compiler failed with the following output:
-- The ASM_NASM compiler identification is unknown
-- Didn't find assembler
CMake Error at CMakeLists.txt:2 (project):
  No CMAKE_ASM_NASM_COMPILER could be found.

  Tell CMake where to find the compiler by setting either the environment
  variable "ASM_NASM" or the CMake cache entry CMAKE_ASM_NASM_COMPILER to the
  full path to the compiler, or to the compiler name if it is in the PATH.


-- Configuring incomplete, errors occurred!
See also "/home/tezcan/Work_Spaces/open3d_ws/src/tmp/CMakeFiles/CheckASM_NASM/CMakeFiles/CMakeOutput.log".
See also "/home/tezcan/Work_Spaces/open3d_ws/src/tmp/CMakeFiles/CheckASM_NASM/CMakeFiles/CMakeError.log".

